// Jest Snapshot v1, https://goo.gl/fbAQLP

exports[`Account Section renders 1`] = `
<WithStyles(ForwardRef(Grid))
  container={true}
  direction="column"
  style={Object {}}
>
  <WithStyles(ForwardRef(Grid))
    item={true}
    xs={12}
  >
    <WithStyles(ForwardRef(Typography))
      gutterBottom={true}
      variant="h4"
    >
      Account Title
    </WithStyles(ForwardRef(Typography))>
  </WithStyles(ForwardRef(Grid))>
  <div>
    this is a child
  </div>
</WithStyles(ForwardRef(Grid))>
`;
